EN carry_select16 NULL "C:/Users/Ali/Desktop/CA-Project-1/Adders/16 bit/carry_select/carry_select/carry_select.vhd" sub00/vhpl00 1673449327
EN ripple_carry4 NULL "C:/Users/Ali/Desktop/CA-Project-1/Adders/16 bit/carry_select/carry_select/ripple_carry4.vhd" sub00/vhpl02 1673449323
AR ripple_carry4 rtl "C:/Users/Ali/Desktop/CA-Project-1/Adders/16 bit/carry_select/carry_select/ripple_carry4.vhd" sub00/vhpl03 1673449324
EN carry_select4 NULL "C:/Users/Ali/Desktop/CA-Project-1/Adders/16 bit/carry_select/carry_select/carry_select4.vhd" sub00/vhpl01 1673449325
AR carry_select4 rtl "C:/Users/Ali/Desktop/CA-Project-1/Adders/16 bit/carry_select/carry_select/carry_select4.vhd" sub00/vhpl04 1673449326
AR carry_select16 rtl "C:/Users/Ali/Desktop/CA-Project-1/Adders/16 bit/carry_select/carry_select/carry_select.vhd" sub00/vhpl05 1673449328
