V3 11
FL "C:/Users/Ali/Desktop/CA-Project-1/Adders/16 bit/carry_select/carry_select/carry_select.vhd" 2023/01/11.18:29:11 P.20131013
EN work/carry_select16 1673449327 \
      FL "C:/Users/Ali/Desktop/CA-Project-1/Adders/16 bit/carry_select/carry_select/carry_select.vhd" \
      PB ieee/std_logic_1164 1381692176
AR work/carry_select16/RTL 1673449328 \
      FL "C:/Users/Ali/Desktop/CA-Project-1/Adders/16 bit/carry_select/carry_select/carry_select.vhd" \
      EN work/carry_select16 1673449327 AR work/carry_select4/RTL 1673449326 \
      CP carry_select4
FL "C:/Users/Ali/Desktop/CA-Project-1/Adders/16 bit/carry_select/carry_select/carry_select4.vhd" 2023/01/11.18:30:16 P.20131013
EN work/carry_select4 1673449325 \
      FL "C:/Users/Ali/Desktop/CA-Project-1/Adders/16 bit/carry_select/carry_select/carry_select4.vhd" \
      PB ieee/std_logic_1164 1381692176
AR work/carry_select4/RTL 1673449326 \
      FL "C:/Users/Ali/Desktop/CA-Project-1/Adders/16 bit/carry_select/carry_select/carry_select4.vhd" \
      EN work/carry_select4 1673449325 AR work/ripple_carry4/RTL 1673449324 \
      CP ripple_carry4
FL "C:/Users/Ali/Desktop/CA-Project-1/Adders/16 bit/carry_select/carry_select/ripple_carry4.vhd" 2023/01/11.18:31:02 P.20131013
EN work/ripple_carry4 1673449323 \
      FL "C:/Users/Ali/Desktop/CA-Project-1/Adders/16 bit/carry_select/carry_select/ripple_carry4.vhd" \
      PB ieee/std_logic_1164 1381692176
AR work/ripple_carry4/RTL 1673449324 \
      FL "C:/Users/Ali/Desktop/CA-Project-1/Adders/16 bit/carry_select/carry_select/ripple_carry4.vhd" \
      EN work/ripple_carry4 1673449323
